---
source: momento/src/commands/capacity_pool/display.rs
expression: response.to_string()
---
Name: hello world
Status: creating
Flex Provisioning:
- Capacity: 32..128 GiB
- Replicas: 1..2 per shard
- Family: foo_bar
- Availability Zones: use1-az1, use1-az2
Metrics Config:
- IAM Role: arn:aws:iam::123456789012:my_momento_metrics
- AWS Region: cell default
Diagnostics:
- something_something
  state: active
  message: Something's wrong
- something_else
Additional details:
- answer: 42
