---
source: momento/src/commands/custom_role/display.rs
expression: role.to_string()
---
Name: Limited
ID: r-limited
Description: role with limited permissions
Rules:
- Resource Management:
  Resources: all
  Allowed actions: Read, List
- Serverless Cache: foobar
  Keys: all
  Allowed actions: List
- Serverless Cache: foobar
  Keys with prefix: hello
  Allowed actions: Read
- Serverless Cache: foobar
  Key: helloworld
  Allowed actions: Write
- Topics with prefix: prod-
  In Serverless Cache: foobar
  Allowed actions: Read, List
- Topics with prefix: preprod-
  In Serverless Cache: foobar
  Allowed actions: Read, List, Write
- Topic: dev
  In Serverless Caches: all
  Allowed actions: Read, List, Write
Conditions: (none)
